make.exe all --print-data-base --no-builtin-variables --no-builtin-rules --question
# GNU Make 3.81
# Copyright (C) 2006  Free Software Foundation, Inc.
# This is free software; see the source for copying conditions.
# There is NO warranty; not even for MERCHANTABILITY or FITNESS FOR A
# PARTICULAR PURPOSE.

# This program built for i386-pc-mingw32

# Make data base, printed on Tue Aug 18 20:05:29 2026

# Variables

# automatic
<D = $(patsubst %/,%,$(dir $<))
# environment
EFC_23560_2283032206 = 1
# automatic
?F = $(notdir $?)
# environment
VSCODE_CRASH_REPORTER_PROCESS_TYPE = extensionHost
# makefile
MAKEFLAGS = Rrqp
# automatic
?D = $(patsubst %/,%,$(dir $?))
# automatic
@D = $(patsubst %/,%,$(dir $@))
# environment
HOMEDRIVE = C:
# automatic
@F = $(notdir $@)
# automatic
^D = $(patsubst %/,%,$(dir $^))
# makefile
CURDIR := c:/Users/caue8/Ploilt-API
# default
SHELL := sh.exe
# environment
WINDIR = C:\Windows
# environment
VSCODE_NLS_CONFIG = {"userLocale":"pt-br","osLocale":"pt-br","resolvedLanguage":"pt-br","defaultMessagesFile":"C:\\Users\\caue8\\AppData\\Local\\Programs\\Microsoft VS Code\\a5b5009513\\resources\\app\\out\\nls.messages.json","languagePack":{"translationsConfigFile":"C:\\Users\\caue8\\AppData\\Roaming\\Code\\clp\\f71151e941f71f3f6eaf9dfe88270459.pt-br\\tcf.json","messagesFile":"C:\\Users\\caue8\\AppData\\Roaming\\Code\\clp\\f71151e941f71f3f6eaf9dfe88270459.pt-br\\a5b500951314efd502d07465bd138dfbd714a960\\nls.messages.json","corruptMarkerFile":"C:\\Users\\caue8\\AppData\\Roaming\\Code\\clp\\f71151e941f71f3f6eaf9dfe88270459.pt-br\\corrupted.info"},"locale":"pt-br","availableLanguages":{"*":"pt-br"},"_languagePackId":"f71151e941f71f3f6eaf9dfe88270459.pt-br","_languagePackSupport":true,"_translationsConfigFile":"C:\\Users\\caue8\\AppData\\Roaming\\Code\\clp\\f71151e941f71f3f6eaf9dfe88270459.pt-br\\tcf.json","_cacheRoot":"C:\\Users\\caue8\\AppData\\Roaming\\Code\\clp\\f71151e941f71f3f6eaf9dfe88270459.pt-br","_resolvedLanguagePackCoreLocation":"C:\\Users\\caue8\\AppData\\Roaming\\Code\\clp\\f71151e941f71f3f6eaf9dfe88270459.pt-br\\a5b500951314efd502d07465bd138dfbd714a960","_corruptedFile":"C:\\Users\\caue8\\AppData\\Roaming\\Code\\clp\\f71151e941f71f3f6eaf9dfe88270459.pt-br\\corrupted.info"}
# environment
VBOX_MSI_INSTALL_PATH = C:\Program Files\Oracle\VirtualBox\
# environment
ONEDRIVE = C:\Users\caue8\OneDrive
# environment
EFC_23560_3789132940 = 1
# makefile
MAKEFILE_LIST := 
# environment
FPS_BROWSER_USER_PROFILE_STRING = Default
# environment
TMP = C:\Users\caue8\AppData\Local\Temp
# environment
PATHEXT = .COM;.EXE;.BAT;.CMD;.VBS;.VBE;.JS;.JSE;.WSF;.WSH;.MSC;.PY;.PYW
# environment
MXC_BIN_DIR = c:\Users\caue8\AppData\Local\Programs\Microsoft VS Code\a5b5009513\resources\app\node_modules.asar.unpacked\@microsoft\mxc-sdk\bin
# environment
EFC_23560_1592913036 = 1
# environment
PROGRAMW6432 = C:\Program Files
# environment
PROGRAMDATA = C:\ProgramData
# environment
VSCODE_CWD = C:\Users\caue8\AppData\Local\Programs\Microsoft VS Code
# environment
PATH = C:\Program Files\Eclipse Adoptium\jdk-8.0.502.7-hotspot\bin;C:\Program Files\Eclipse Adoptium\jdk-25.0.4.7-hotspot\bin;C:\Python313\Scripts\;C:\Python313\;C:\Windows\system32;C:\Windows;C:\Windows\System32\Wbem;C:\Windows\System32\WindowsPowerShell\v1.0\;C:\Windows\System32\OpenSSH\;C:\Program Files\nodejs\;C:\ProgramData\chocolatey\bin;C:\Program Files\Tailscale\;C:\Program Files\Git\cmd;C:\msys64\ucrt64\bin;C:\Program Files (x86)\GnuWin32\bin;;C:\Program Files\Docker\Docker\resources\bin;C:\Python313\Scripts\;C:\Python313\;C:\Windows\system32;C:\Windows;C:\Windows\System32\Wbem;C:\Windows\System32\WindowsPowerShell\v1.0\;C:\Windows\System32\OpenSSH\;C:\Program Files\nodejs\;C:\ProgramData\chocolatey\bin;C:\Program Files\Tailscale\;C:\Program Files\Git\cmd;C:\msys64\ucrt64\bin;C:\Program Files (x86)\GnuWin32\bin;C:\Users\caue8\AppData\Local\Microsoft\WindowsApps;C:\Users\caue8\AppData\Local\Programs\Microsoft VS Code\bin;C:\Users\caue8\AppData\Roaming\npm;C:\msys64\mingw64\bin;C:\php;C:\Users\caue8\AppData\Local\ComposerSetup\bin;C:\Users\caue8\AppData\Roaming\Composer\vendor\bin;C:\Users\caue8\AppData\Local\ComposerSetup\bin;C:\Users\caue8\AppData\Local\ComposerSetup\bin;
# environment
COMMONPROGRAMW6432 = C:\Program Files\Common Files
# environment
ZES_ENABLE_SYSMAN = 1
# environment
CHOCOLATEYLASTPATHUPDATE = 133864636123692833
# environment
PROCESSOR_ARCHITECTURE = x86
# environment
USERPROFILE = C:\Users\caue8
# environment
CHOCOLATEYINSTALL = C:\ProgramData\chocolatey
# environment
ALLUSERSPROFILE = C:\ProgramData
# environment
NUMBER_OF_PROCESSORS = 12
# environment
ELECTRON_RUN_AS_NODE = 1
# default
.FEATURES := target-specific order-only second-expansion else-if archives
# automatic
%F = $(notdir $%)
# environment
CHROME_CRASHPAD_PIPE_NAME = \\.\pipe\crashpad_26220_QNAWXMZYKPOBHGCI
# environment
COMPUTERNAME = BOOKCAUE
# environment
PROGRAMFILES = C:\Program Files (x86)
# environment
DRIVERDATA = C:\Windows\System32\Drivers\DriverData
# environment
EFC_23560_2775293581 = 1
# environment
USERNAME = caue8
# environment
PUBLIC = C:\Users\Public
# environment
EFC_23560_1262719628 = 1
# environment
VSCODE_CODE_CACHE_PATH = C:\Users\caue8\AppData\Roaming\Code\CachedData\a5b500951314efd502d07465bd138dfbd714a960
# environment
APPLICATION_INSIGHTS_NO_DIAGNOSTIC_CHANNEL = true
# environment
COMMONPROGRAMFILES = C:\Program Files (x86)\Common Files
# environment
LOGONSERVER = \\BOOKCAUE
# environment
VSCODE_HANDLES_UNCAUGHT_ERRORS = true
# environment
USERDOMAIN = BOOKCAUE
# default
MAKE = $(MAKE_COMMAND)
# default
MAKECMDGOALS := all
# environment
EFC_23560_4126798990 = 1
# environment
VSCODE_ESM_ENTRYPOINT = vs/workbench/api/node/extensionHostProcess
# default
MAKE_VERSION := 3.81
# environment
COPILOT_OTEL_FILE_EXPORTER_PATH = \\.\nul
# makefile
.DEFAULT_GOAL := 
# environment
APPLICATION_INSIGHTS_NO_STATSBEAT = true
# environment
PROGRAMFILES(X86) = C:\Program Files (x86)
# automatic
%D = $(patsubst %/,%,$(dir $%))
# environment
LOCALAPPDATA = C:\Users\caue8\AppData\Local
# environment
PSMODULEPATH = C:\Program Files\WindowsPowerShell\Modules;C:\Windows\system32\WindowsPowerShell\v1.0\Modules
# default
MAKE_COMMAND := make.exe
# environment
PROCESSOR_ARCHITEW6432 = AMD64
# default
.VARIABLES := 
# automatic
*F = $(notdir $*)
# environment
PROCESSOR_IDENTIFIER = Intel64 Family 6 Model 154 Stepping 4, GenuineIntel
# environment
OS = Windows_NT
# environment
VSCODE_IPC_HOOK = \\.\pipe\ecdb0cc4-1.133.0-main-sock
# environment
HOMEPATH = \Users\caue8
# environment
COMMONPROGRAMFILES(X86) = C:\Program Files (x86)\Common Files
# environment
PROMPT = $P$G
# environment
MFLAGS = -Rrqp
# automatic
*D = $(patsubst %/,%,$(dir $*))
# environment
SYSTEMROOT = C:\Windows
# automatic
+D = $(patsubst %/,%,$(dir $+))
# automatic
+F = $(notdir $+)
# environment
APPDATA = C:\Users\caue8\AppData\Roaming
# environment
TEMP = C:\Users\caue8\AppData\Local\Temp
# environment
COMSPEC = C:\Windows\system32\cmd.exe
# default
MAKEFILES := 
# automatic
<F = $(notdir $<)
# environment
LC_ALL = C
# automatic
^F = $(notdir $^)
# default
SUFFIXES := 
# environment
SYSTEMDRIVE = C:
# environment
SESSIONNAME = Console
# environment
PROCESSOR_REVISION = 9a04
# environment
MAKELEVEL := 0
# environment
LANG = C
# environment
PROCESSOR_LEVEL = 6
# environment
FPS_BROWSER_APP_PROFILE_STRING = Internet Explorer
# environment
VSCODE_PID = 26220
# environment
USERDOMAIN_ROAMINGPROFILE = BOOKCAUE
# variable set hash-table stats:
# Load=96/1024=9%, Rehash=0, Collisions=10/113=9%

# Pattern-specific Variable Values

# No pattern-specific variable values.

# Directories

# : could not be stat'd.
# C:\Program Files\Docker\Docker\resources\bin (key C:/Program Files/Docker/Docker/resources/bin, mtime 1778712662): 13 files, no impossibilities.
# C:\Windows\System32\WindowsPowerShell\v1.0\ (key C:/Windows/System32/WindowsPowerShell/v1.0/, mtime 1784912401): 29 files, no impossibilities.
# C:\Windows\System32\Wbem (key C:/Windows/System32/Wbem, mtime 1785394178): 143 files, no impossibilities.
# . (key c:/Users/caue8/Ploilt-API, mtime 1783882314): 9 files, no impossibilities.
# C:\php (key C:/php, mtime 1778799906): 41 files, no impossibilities.
# C:\ProgramData\chocolatey\bin (key C:/ProgramData/chocolatey/bin, mtime 1741990150): 6 files, no impossibilities.
# C:\Program Files\nodejs\ (key C:/Program Files/nodejs/, mtime 1741989805): 14 files, no impossibilities.
# C:\msys64\ucrt64\bin (key C:/msys64/ucrt64/bin, mtime 1743199963): 63 files, no impossibilities.
# C:\Users\caue8\AppData\Local\ComposerSetup\bin (key C:/Users/caue8/AppData/Local/ComposerSetup/bin, mtime 1763226221): 5 files, no impossibilities.
# C:\Users\caue8\AppData\Local\Programs\Microsoft VS Code\bin (key C:/Users/caue8/AppData/Local/Programs/Microsoft VS Code/bin, mtime 1786974871): 5 files, no impossibilities.
# C:\Program Files\Tailscale\ (key C:/Program Files/Tailscale/, mtime 1744924465): 6 files, no impossibilities.
# C:\Windows\System32\OpenSSH\: could not be stat'd.
# C:\Users\caue8\AppData\Roaming\npm (key C:/Users/caue8/AppData/Roaming/npm, mtime 1779759757): 27 files, no impossibilities.
# C:\Windows (key C:/Windows, mtime 1786948728): 133 files, no impossibilities.
# C:\Users\caue8\AppData\Roaming\Composer\vendor\bin: could not be stat'd.
# C:\Python313\ (key C:/Python313/, mtime 1741990148): 17 files, no impossibilities.
# C:\Python313\Scripts\ (key C:/Python313/Scripts/, mtime 1741990148): 5 files, no impossibilities.
# C:\Program Files\Eclipse Adoptium\jdk-8.0.502.7-hotspot\bin (key C:/Program Files/Eclipse Adoptium/jdk-8.0.502.7-hotspot/bin, mtime 1786967733): 101 files, no impossibilities.
# C:\Users\caue8\AppData\Local\Microsoft\WindowsApps (key C:/Users/caue8/AppData/Local/Microsoft/WindowsApps, mtime 1786846443): 52 files, no impossibilities.
# C:\msys64\mingw64\bin (key C:/msys64/mingw64/bin, mtime 1734590527): 2 files, no impossibilities.
# C:\Program Files\Git\cmd (key C:/Program Files/Git/cmd, mtime 1747957860): 13 files, no impossibilities.
# C:\Windows\system32 (key C:/Windows/system32, mtime 1787084867): 2884 files, no impossibilities.
# C:\Program Files\Eclipse Adoptium\jdk-25.0.4.7-hotspot\bin (key C:/Program Files/Eclipse Adoptium/jdk-25.0.4.7-hotspot/bin, mtime 1786847536): 129 files, no impossibilities.
# C:\Program Files (x86)\GnuWin32\bin (key C:/Program Files (x86)/GnuWin32/bin, mtime 1743555057): 5 files, no impossibilities.

# 3702 files, no impossibilities in 25 directories.

# Implicit Rules

# No implicit rules.

# Files

# Not a target:
all:
#  Command-line target.
#  Implicit rule search has been done.
#  File does not exist.
#  File has not been updated.
# variable set hash-table stats:
# Load=0/32=0%, Rehash=0, Collisions=0/0=0%

# Not a target:
.DEFAULT:
#  Implicit rule search has not been done.
#  Modification time never checked.
#  File has not been updated.

# Not a target:
makefile:
#  A default, MAKEFILES, or -include/sinclude makefile.
#  Implicit rule search has been done.
#  File does not exist.
#  File has been updated.
#  Failed to be updated.
# variable set hash-table stats:
# Load=0/32=0%, Rehash=0, Collisions=0/0=0%

# Not a target:
.SUFFIXES:
#  Implicit rule search has not been done.
#  Modification time never checked.
#  File has not been updated.

# Not a target:
GNUmakefile:
#  A default, MAKEFILES, or -include/sinclude makefile.
#  Implicit rule search has been done.
#  File does not exist.
#  File has been updated.
#  Failed to be updated.
# variable set hash-table stats:
# Load=0/32=0%, Rehash=0, Collisions=0/0=0%

# files hash-table stats:
# Load=5/1024=0%, Rehash=0, Collisions=0/16=0%
# VPATH Search Paths

# No `vpath' search paths.

# No general (`VPATH' variable) search path.

# # of strings in strcache: 0
# # of strcache buffers: 0
# strcache size: total = 0 / max = 0 / min = 4096 / avg = 0
# strcache free: total = 0 / max = 0 / min = 4096 / avg = 0

# Finished Make data base on Tue Aug 18 20:05:29 2026

 
make.exe: *** No rule to make target `all'.  Stop.

